// Jest Snapshot v1, https://goo.gl/fbAQLP

exports[`FavoriteButton should render without crashing 1`] = `
ShallowWrapper {
  "length": 1,
  Symbol(enzyme.__root__): [Circular],
  Symbol(enzyme.__unrendered__): <Unknown
    favorites={Array []}
    fnToggle={[Function]}
/>,
  Symbol(enzyme.__renderer__): Object {
    "batchedUpdates": [Function],
    "getNode": [Function],
    "render": [Function],
    "simulateEvent": [Function],
    "unmount": [Function],
  },
  Symbol(enzyme.__node__): Object {
    "instance": null,
    "key": undefined,
    "nodeType": "host",
    "props": Object {
      "children": <i
        className="fa fa-heart"
/>,
      "className": "favoriteButton ",
      "onClick": [Function],
    },
    "ref": null,
    "rendered": Object {
      "instance": null,
      "key": undefined,
      "nodeType": "host",
      "props": Object {
        "className": "fa fa-heart",
      },
      "ref": null,
      "rendered": null,
      "type": "i",
    },
    "type": "button",
  },
  Symbol(enzyme.__nodes__): Array [
    Object {
      "instance": null,
      "key": undefined,
      "nodeType": "host",
      "props": Object {
        "children": <i
          className="fa fa-heart"
/>,
        "className": "favoriteButton ",
        "onClick": [Function],
      },
      "ref": null,
      "rendered": Object {
        "instance": null,
        "key": undefined,
        "nodeType": "host",
        "props": Object {
          "className": "fa fa-heart",
        },
        "ref": null,
        "rendered": null,
        "type": "i",
      },
      "type": "button",
    },
  ],
  Symbol(enzyme.__options__): Object {
    "adapter": ReactSixteenAdapter {
      "options": Object {
        "enableComponentDidUpdateOnSetState": true,
      },
    },
    "disableLifecycleMethods": true,
  },
}
`;
