// Jest Snapshot v1, https://goo.gl/fbAQLP

exports[`HomePage  should render without crashing 1`] = `
ShallowWrapper {
  "length": 1,
  Symbol(enzyme.__root__): [Circular],
  Symbol(enzyme.__unrendered__): <Unknown
    fnInput={[Function]}
    fnSearch={[Function]}
    fnType={[Function]}
    searchType=""
    value=""
/>,
  Symbol(enzyme.__renderer__): Object {
    "batchedUpdates": [Function],
    "getNode": [Function],
    "render": [Function],
    "simulateEvent": [Function],
    "unmount": [Function],
  },
  Symbol(enzyme.__node__): Object {
    "instance": null,
    "key": undefined,
    "nodeType": "host",
    "props": Object {
      "children": <HomeForm
        fnInput={[Function]}
        fnSearch={[Function]}
        fnType={[Function]}
        searchType=""
        value=""
/>,
      "className": "homePage",
    },
    "ref": null,
    "rendered": Object {
      "instance": null,
      "key": undefined,
      "nodeType": "function",
      "props": Object {
        "fnInput": [Function],
        "fnSearch": [Function],
        "fnType": [Function],
        "searchType": "",
        "value": "",
      },
      "ref": null,
      "rendered": null,
      "type": [Function],
    },
    "type": "div",
  },
  Symbol(enzyme.__nodes__): Array [
    Object {
      "instance": null,
      "key": undefined,
      "nodeType": "host",
      "props": Object {
        "children": <HomeForm
          fnInput={[Function]}
          fnSearch={[Function]}
          fnType={[Function]}
          searchType=""
          value=""
/>,
        "className": "homePage",
      },
      "ref": null,
      "rendered": Object {
        "instance": null,
        "key": undefined,
        "nodeType": "function",
        "props": Object {
          "fnInput": [Function],
          "fnSearch": [Function],
          "fnType": [Function],
          "searchType": "",
          "value": "",
        },
        "ref": null,
        "rendered": null,
        "type": [Function],
      },
      "type": "div",
    },
  ],
  Symbol(enzyme.__options__): Object {
    "adapter": ReactSixteenAdapter {
      "options": Object {
        "enableComponentDidUpdateOnSetState": true,
      },
    },
    "disableLifecycleMethods": true,
  },
}
`;

exports[`HomePage > should render without crashing 1`] = `
ShallowWrapper {
  "length": 1,
  Symbol(enzyme.__root__): [Circular],
  Symbol(enzyme.__unrendered__): <Unknown
    fnInput={[Function]}
    fnSearch={[Function]}
    fnType={[Function]}
    searchType=""
    value=""
/>,
  Symbol(enzyme.__renderer__): Object {
    "batchedUpdates": [Function],
    "getNode": [Function],
    "render": [Function],
    "simulateEvent": [Function],
    "unmount": [Function],
  },
  Symbol(enzyme.__node__): Object {
    "instance": null,
    "key": undefined,
    "nodeType": "host",
    "props": Object {
      "children": <HomeForm
        fnInput={[Function]}
        fnSearch={[Function]}
        fnType={[Function]}
        searchType=""
        value=""
/>,
      "className": "homePage",
    },
    "ref": null,
    "rendered": Object {
      "instance": null,
      "key": undefined,
      "nodeType": "function",
      "props": Object {
        "fnInput": [Function],
        "fnSearch": [Function],
        "fnType": [Function],
        "searchType": "",
        "value": "",
      },
      "ref": null,
      "rendered": null,
      "type": [Function],
    },
    "type": "div",
  },
  Symbol(enzyme.__nodes__): Array [
    Object {
      "instance": null,
      "key": undefined,
      "nodeType": "host",
      "props": Object {
        "children": <HomeForm
          fnInput={[Function]}
          fnSearch={[Function]}
          fnType={[Function]}
          searchType=""
          value=""
/>,
        "className": "homePage",
      },
      "ref": null,
      "rendered": Object {
        "instance": null,
        "key": undefined,
        "nodeType": "function",
        "props": Object {
          "fnInput": [Function],
          "fnSearch": [Function],
          "fnType": [Function],
          "searchType": "",
          "value": "",
        },
        "ref": null,
        "rendered": null,
        "type": [Function],
      },
      "type": "div",
    },
  ],
  Symbol(enzyme.__options__): Object {
    "adapter": ReactSixteenAdapter {
      "options": Object {
        "enableComponentDidUpdateOnSetState": true,
      },
    },
    "disableLifecycleMethods": true,
  },
}
`;

exports[`HomePage should render without crashing 1`] = `
ShallowWrapper {
  "length": 1,
  Symbol(enzyme.__root__): [Circular],
  Symbol(enzyme.__unrendered__): <Unknown
    fnInput={[Function]}
    fnSearch={[Function]}
    fnType={[Function]}
    searchType=""
    value=""
/>,
  Symbol(enzyme.__renderer__): Object {
    "batchedUpdates": [Function],
    "getNode": [Function],
    "render": [Function],
    "simulateEvent": [Function],
    "unmount": [Function],
  },
  Symbol(enzyme.__node__): Object {
    "instance": null,
    "key": undefined,
    "nodeType": "host",
    "props": Object {
      "children": <HomeForm
        fnInput={[Function]}
        fnSearch={[Function]}
        fnType={[Function]}
        searchType=""
        value=""
/>,
      "className": "homePage",
    },
    "ref": null,
    "rendered": Object {
      "instance": null,
      "key": undefined,
      "nodeType": "function",
      "props": Object {
        "fnInput": [Function],
        "fnSearch": [Function],
        "fnType": [Function],
        "searchType": "",
        "value": "",
      },
      "ref": null,
      "rendered": null,
      "type": [Function],
    },
    "type": "div",
  },
  Symbol(enzyme.__nodes__): Array [
    Object {
      "instance": null,
      "key": undefined,
      "nodeType": "host",
      "props": Object {
        "children": <HomeForm
          fnInput={[Function]}
          fnSearch={[Function]}
          fnType={[Function]}
          searchType=""
          value=""
/>,
        "className": "homePage",
      },
      "ref": null,
      "rendered": Object {
        "instance": null,
        "key": undefined,
        "nodeType": "function",
        "props": Object {
          "fnInput": [Function],
          "fnSearch": [Function],
          "fnType": [Function],
          "searchType": "",
          "value": "",
        },
        "ref": null,
        "rendered": null,
        "type": [Function],
      },
      "type": "div",
    },
  ],
  Symbol(enzyme.__options__): Object {
    "adapter": ReactSixteenAdapter {
      "options": Object {
        "enableComponentDidUpdateOnSetState": true,
      },
    },
    "disableLifecycleMethods": true,
  },
}
`;
